0.800736767498 0.487316518822 0.348941 0.249925987759 0.877749579459 0.544859943183 1.38154444042 -0.660888852998 0.417500287518 0.360339025835 0.245401197435 0.110685884422 0.377318556508 0.31646174147 1.09358190232 0.000965340892887 0.206161043784 1.60194957782 1.88929608911 0.387439958606 0.998058291844 0.105819465371 